cargo : warning: field `lang` is never read
所在位置 行:1 字符: 1
+ cargo test -p iris-sfc --test integration_test test_full_vue3_sfc_com ...
+ ~~~~~~~~~~~~~~~~~~~~~~~~~~~~~~~~~~~~~~~~~~~~~~~~~~~~~~~~~~~~~~~~~~~~~
    + CategoryInfo          : NotSpecified: (warning: field `lang` is never read:String) [], RemoteException
    + FullyQualifiedErrorId : NativeCommandError
 
  --> crates\iris-sfc\src\script_setup.rs:66:9
   |
64 | pub struct ScriptAttrs {
   |            ----------- field in this struct
65 |     /// 璇█锛坱ypescript/javascript锛?66 |     pub lang: String,
   |         ^^^^
   |
   = note: `ScriptAttrs` has derived impls for the traits `Clone` and `Debug`, but these are intentionally ignored duri
ng dead code analysis
   = note: `#[warn(dead_code)]` (part of `#[warn(unused)]`) on by default

warning: error finalizing incremental compilation session directory `\\?\C:\Users\a\Documents\lingma\leivueruntime\targ
et\debug\incremental\iris_sfc-0tnf6lnz24j5z\s-hhy4l6vm51-0klabfd-working`: 鎷掔粷璁块棶銆?(os error 5)

warning: `iris-sfc` (lib) generated 2 warnings
    Finished `test` profile [unoptimized + debuginfo] target(s) in 0.38s
     Running tests\integration_test.rs (target\debug\deps\integration_test-0c30f4fe6b009c8b.exe)

running 1 test

thread 'test_full_vue3_sfc_compilation' (17652) panicked at crates\iris-sfc\tests\integration_test.rs:75:5:
assertion failed: module.render_fn.contains("textContent")
note: run with `RUST_BACKTRACE=1` environment variable to display a backtrace
test test_full_vue3_sfc_compilation ... FAILED

failures:

failures:
    test_full_vue3_sfc_compilation

test result: FAILED. 0 passed; 1 failed; 0 ignored; 0 measured; 9 filtered out; finished in 0.01s

error: test failed, to rerun pass `-p iris-sfc --test integration_test`
